2026-09-23 20:44:47 — INFO — Running with edr=0.22.0
2026-09-23 20:44:50 — INFO — Installing packages for edr internal dbt package...
2026-09-23 20:44:50 — INFO — Running dbt command --log-format json deps --project-dir /home/tosin/cde/dbt_modelling/cdc_modelling/.venv/lib/python3.11/site-packages/elementary/monitor/dbt_project --profiles-dir /home/tosin/cde/dbt_modelling/cdc_modelling/cdc_marketing
2026-09-23 20:45:05 — DEBUG — Running dbt command --log-format json run-operation elementary.log_macro_results --args {"macro_name": "elementary_cli.get_latest_invocation", "macro_args": {}} --project-dir /home/tosin/cde/dbt_modelling/cdc_modelling/.venv/lib/python3.11/site-packages/elementary/monitor/dbt_project --profiles-dir /home/tosin/cde/dbt_modelling/cdc_modelling/cdc_marketing
[31;20m2026-09-23 20:45:06 — ERROR — Unable to get the latest invocation: Failed to run dbt command.
Runtime Error
  Could not find profile named 'elementary'[0m
2026-09-23 20:45:06 — DEBUG — Running dbt command --log-format json run-operation elementary.log_macro_results --args {"macro_name": "elementary_cli.get_adapter_type_and_unique_id", "macro_args": {}} --project-dir /home/tosin/cde/dbt_modelling/cdc_modelling/.venv/lib/python3.11/site-packages/elementary/monitor/dbt_project --profiles-dir /home/tosin/cde/dbt_modelling/cdc_modelling/cdc_marketing
2026-09-23 20:45:07 — DEBUG — Could not get warehouse info.
Traceback (most recent call last):
  File "/home/tosin/cde/dbt_modelling/cdc_modelling/.venv/lib/python3.11/site-packages/elementary/monitor/data_monitoring/data_monitoring.py", line 142, in _get_warehouse_info
    self.internal_dbt_runner.run_operation(
  File "/home/tosin/cde/dbt_modelling/cdc_modelling/.venv/lib/python3.11/site-packages/elementary/clients/dbt/command_line_dbt_runner.py", line 178, in run_operation
    result = self._run_command(
             ^^^^^^^^^^^^^^^^^^
  File "/home/tosin/cde/dbt_modelling/cdc_modelling/.venv/lib/python3.11/site-packages/elementary/clients/dbt/command_line_dbt_runner.py", line 115, in _run_command
    result = self._inner_run_command(
             ^^^^^^^^^^^^^^^^^^^^^^^^
  File "/home/tosin/cde/dbt_modelling/cdc_modelling/.venv/lib/python3.11/site-packages/elementary/clients/dbt/api_dbt_runner.py", line 54, in _inner_run_command
    raise DbtCommandError(
elementary.exceptions.exceptions.DbtCommandError: Failed to run dbt command.
Runtime Error
  Could not find profile named 'elementary'
2026-09-23 20:45:07 — DEBUG — Running dbt command --log-format json run-operation elementary.log_macro_results --args {"macro_name": "elementary_cli.get_elementary_database_and_schema", "macro_args": {}} --project-dir /home/tosin/cde/dbt_modelling/cdc_modelling/.venv/lib/python3.11/site-packages/elementary/monitor/dbt_project --profiles-dir /home/tosin/cde/dbt_modelling/cdc_modelling/cdc_marketing
[31;20m2026-09-23 20:45:10 — ERROR — Failed to parse Elementary's database and schema.[0m
2026-09-23 20:45:10 — INFO — Running dbt command --log-format json run-operation elementary.log_macro_results --args {"macro_name": "elementary_cli.get_test_results", "macro_args": {"days_back": 90, "invocations_per_test": 720, "disable_passed_test_metrics": false}} --project-dir /home/tosin/cde/dbt_modelling/cdc_modelling/.venv/lib/python3.11/site-packages/elementary/monitor/dbt_project --profiles-dir /home/tosin/cde/dbt_modelling/cdc_modelling/cdc_marketing
[31;20m2026-09-23 20:45:11 — ERROR — Could not generate the report - Error: Failed to run dbt command.
Runtime Error
  Could not find profile named 'elementary'
Please reach out to our community for help with this issue.[0m
Traceback (most recent call last):
  File "/home/tosin/cde/dbt_modelling/cdc_modelling/.venv/lib/python3.11/site-packages/elementary/monitor/api/report/report.py", line 84, in get_report_data
    tests_api = TestsAPI(
                ^^^^^^^^^
  File "/home/tosin/cde/dbt_modelling/cdc_modelling/.venv/lib/python3.11/site-packages/elementary/monitor/api/tests/tests.py", line 52, in __init__
    self.test_results_db_rows = self._get_test_results_db_rows(
                                ^^^^^^^^^^^^^^^^^^^^^^^^^^^^^^^
  File "/home/tosin/cde/dbt_modelling/cdc_modelling/.venv/lib/python3.11/site-packages/elementary/monitor/api/tests/tests.py", line 64, in _get_test_results_db_rows
    return self.tests_fetcher.get_all_test_results_db_rows(
           ^^^^^^^^^^^^^^^^^^^^^^^^^^^^^^^^^^^^^^^^^^^^^^^^
  File "/home/tosin/cde/dbt_modelling/cdc_modelling/.venv/lib/python3.11/site-packages/elementary/monitor/fetchers/tests/tests.py", line 26, in get_all_test_results_db_rows
    run_operation_response = self.dbt_runner.run_operation(
                             ^^^^^^^^^^^^^^^^^^^^^^^^^^^^^^
  File "/home/tosin/cde/dbt_modelling/cdc_modelling/.venv/lib/python3.11/site-packages/elementary/clients/dbt/command_line_dbt_runner.py", line 178, in run_operation
    result = self._run_command(
             ^^^^^^^^^^^^^^^^^^
  File "/home/tosin/cde/dbt_modelling/cdc_modelling/.venv/lib/python3.11/site-packages/elementary/clients/dbt/command_line_dbt_runner.py", line 115, in _run_command
    result = self._inner_run_command(
             ^^^^^^^^^^^^^^^^^^^^^^^^
  File "/home/tosin/cde/dbt_modelling/cdc_modelling/.venv/lib/python3.11/site-packages/elementary/clients/dbt/api_dbt_runner.py", line 54, in _inner_run_command
    raise DbtCommandError(
elementary.exceptions.exceptions.DbtCommandError: Failed to run dbt command.
Runtime Error
  Could not find profile named 'elementary'
2026-09-23 20:50:55 — INFO — Running with edr=0.22.0
2026-09-23 20:51:10 — DEBUG — Running dbt command --log-format json run-operation elementary.log_macro_results --args {"macro_name": "elementary_cli.get_latest_invocation", "macro_args": {}} --project-dir /home/tosin/cde/dbt_modelling/cdc_modelling/.venv/lib/python3.11/site-packages/elementary/monitor/dbt_project --profiles-dir /home/tosin/cde/dbt_modelling/cdc_modelling/cdc_marketing
[31;20m2026-09-23 20:51:14 — ERROR — Unable to get the latest invocation: Failed to run dbt command.
Runtime Error
  Could not find profile named 'elementary'[0m
2026-09-23 20:51:14 — DEBUG — Running dbt command --log-format json run-operation elementary.log_macro_results --args {"macro_name": "elementary_cli.get_adapter_type_and_unique_id", "macro_args": {}} --project-dir /home/tosin/cde/dbt_modelling/cdc_modelling/.venv/lib/python3.11/site-packages/elementary/monitor/dbt_project --profiles-dir /home/tosin/cde/dbt_modelling/cdc_modelling/cdc_marketing
2026-09-23 20:51:15 — DEBUG — Could not get warehouse info.
Traceback (most recent call last):
  File "/home/tosin/cde/dbt_modelling/cdc_modelling/.venv/lib/python3.11/site-packages/elementary/monitor/data_monitoring/data_monitoring.py", line 142, in _get_warehouse_info
    self.internal_dbt_runner.run_operation(
  File "/home/tosin/cde/dbt_modelling/cdc_modelling/.venv/lib/python3.11/site-packages/elementary/clients/dbt/command_line_dbt_runner.py", line 178, in run_operation
    result = self._run_command(
             ^^^^^^^^^^^^^^^^^^
  File "/home/tosin/cde/dbt_modelling/cdc_modelling/.venv/lib/python3.11/site-packages/elementary/clients/dbt/command_line_dbt_runner.py", line 115, in _run_command
    result = self._inner_run_command(
             ^^^^^^^^^^^^^^^^^^^^^^^^
  File "/home/tosin/cde/dbt_modelling/cdc_modelling/.venv/lib/python3.11/site-packages/elementary/clients/dbt/api_dbt_runner.py", line 54, in _inner_run_command
    raise DbtCommandError(
elementary.exceptions.exceptions.DbtCommandError: Failed to run dbt command.
Runtime Error
  Could not find profile named 'elementary'
2026-09-23 20:51:15 — DEBUG — Running dbt command --log-format json run-operation elementary.log_macro_results --args {"macro_name": "elementary_cli.get_elementary_database_and_schema", "macro_args": {}} --project-dir /home/tosin/cde/dbt_modelling/cdc_modelling/.venv/lib/python3.11/site-packages/elementary/monitor/dbt_project --profiles-dir /home/tosin/cde/dbt_modelling/cdc_modelling/cdc_marketing
[31;20m2026-09-23 20:51:16 — ERROR — Failed to parse Elementary's database and schema.[0m
2026-09-23 20:51:16 — INFO — Running dbt command --log-format json run-operation elementary.log_macro_results --args {"macro_name": "elementary_cli.get_test_results", "macro_args": {"days_back": 90, "invocations_per_test": 720, "disable_passed_test_metrics": false}} --project-dir /home/tosin/cde/dbt_modelling/cdc_modelling/.venv/lib/python3.11/site-packages/elementary/monitor/dbt_project --profiles-dir /home/tosin/cde/dbt_modelling/cdc_modelling/cdc_marketing
[31;20m2026-09-23 20:51:17 — ERROR — Could not generate the report - Error: Failed to run dbt command.
Runtime Error
  Could not find profile named 'elementary'
Please reach out to our community for help with this issue.[0m
Traceback (most recent call last):
  File "/home/tosin/cde/dbt_modelling/cdc_modelling/.venv/lib/python3.11/site-packages/elementary/monitor/api/report/report.py", line 84, in get_report_data
    tests_api = TestsAPI(
                ^^^^^^^^^
  File "/home/tosin/cde/dbt_modelling/cdc_modelling/.venv/lib/python3.11/site-packages/elementary/monitor/api/tests/tests.py", line 52, in __init__
    self.test_results_db_rows = self._get_test_results_db_rows(
                                ^^^^^^^^^^^^^^^^^^^^^^^^^^^^^^^
  File "/home/tosin/cde/dbt_modelling/cdc_modelling/.venv/lib/python3.11/site-packages/elementary/monitor/api/tests/tests.py", line 64, in _get_test_results_db_rows
    return self.tests_fetcher.get_all_test_results_db_rows(
           ^^^^^^^^^^^^^^^^^^^^^^^^^^^^^^^^^^^^^^^^^^^^^^^^
  File "/home/tosin/cde/dbt_modelling/cdc_modelling/.venv/lib/python3.11/site-packages/elementary/monitor/fetchers/tests/tests.py", line 26, in get_all_test_results_db_rows
    run_operation_response = self.dbt_runner.run_operation(
                             ^^^^^^^^^^^^^^^^^^^^^^^^^^^^^^
  File "/home/tosin/cde/dbt_modelling/cdc_modelling/.venv/lib/python3.11/site-packages/elementary/clients/dbt/command_line_dbt_runner.py", line 178, in run_operation
    result = self._run_command(
             ^^^^^^^^^^^^^^^^^^
  File "/home/tosin/cde/dbt_modelling/cdc_modelling/.venv/lib/python3.11/site-packages/elementary/clients/dbt/command_line_dbt_runner.py", line 115, in _run_command
    result = self._inner_run_command(
             ^^^^^^^^^^^^^^^^^^^^^^^^
  File "/home/tosin/cde/dbt_modelling/cdc_modelling/.venv/lib/python3.11/site-packages/elementary/clients/dbt/api_dbt_runner.py", line 54, in _inner_run_command
    raise DbtCommandError(
elementary.exceptions.exceptions.DbtCommandError: Failed to run dbt command.
Runtime Error
  Could not find profile named 'elementary'
2026-09-23 20:58:35 — INFO — Running with edr=0.22.0
2026-09-23 20:58:38 — DEBUG — Running dbt command --log-format json run-operation elementary.log_macro_results --args {"macro_name": "elementary_cli.get_latest_invocation", "macro_args": {}} --project-dir /home/tosin/cde/dbt_modelling/cdc_modelling/.venv/lib/python3.11/site-packages/elementary/monitor/dbt_project --profiles-dir /home/tosin/cde/dbt_modelling/cdc_modelling/cdc_marketing
2026-09-23 20:59:22 — DEBUG — Result bytes size for command '['--log-format', 'json', 'run-operation', 'elementary.log_macro_results', '--args', '{"macro_name": "elementary_cli.get_latest_invocation", "macro_args": {}}', '--project-dir', '/home/tosin/cde/dbt_modelling/cdc_modelling/.venv/lib/python3.11/site-packages/elementary/monitor/dbt_project', '--profiles-dir', '/home/tosin/cde/dbt_modelling/cdc_modelling/cdc_marketing']' is 270
[31;20m2026-09-23 20:59:22 — ERROR — Unable to get the latest invocation: list index out of range[0m
2026-09-23 20:59:22 — DEBUG — Running dbt command --log-format json run-operation elementary.log_macro_results --args {"macro_name": "elementary_cli.get_adapter_type_and_unique_id", "macro_args": {}} --project-dir /home/tosin/cde/dbt_modelling/cdc_modelling/.venv/lib/python3.11/site-packages/elementary/monitor/dbt_project --profiles-dir /home/tosin/cde/dbt_modelling/cdc_modelling/cdc_marketing
2026-09-23 20:59:24 — DEBUG — Result bytes size for command '['--log-format', 'json', 'run-operation', 'elementary.log_macro_results', '--args', '{"macro_name": "elementary_cli.get_adapter_type_and_unique_id", "macro_args": {}}', '--project-dir', '/home/tosin/cde/dbt_modelling/cdc_modelling/.venv/lib/python3.11/site-packages/elementary/monitor/dbt_project', '--profiles-dir', '/home/tosin/cde/dbt_modelling/cdc_modelling/cdc_marketing']' is 518
2026-09-23 20:59:24 — DEBUG — Running dbt command --log-format json run-operation elementary.log_macro_results --args {"macro_name": "elementary_cli.get_elementary_database_and_schema", "macro_args": {}} --project-dir /home/tosin/cde/dbt_modelling/cdc_modelling/.venv/lib/python3.11/site-packages/elementary/monitor/dbt_project --profiles-dir /home/tosin/cde/dbt_modelling/cdc_modelling/cdc_marketing
2026-09-23 20:59:27 — DEBUG — Result bytes size for command '['--log-format', 'json', 'run-operation', 'elementary.log_macro_results', '--args', '{"macro_name": "elementary_cli.get_elementary_database_and_schema", "macro_args": {}}', '--project-dir', '/home/tosin/cde/dbt_modelling/cdc_modelling/.venv/lib/python3.11/site-packages/elementary/monitor/dbt_project', '--profiles-dir', '/home/tosin/cde/dbt_modelling/cdc_modelling/cdc_marketing']' is 486
2026-09-23 20:59:27 — INFO — Elementary's database and schema: 'bronze_production.cdc_staging_elementary'
2026-09-23 20:59:27 — INFO — Running dbt command --log-format json run-operation elementary.log_macro_results --args {"macro_name": "elementary_cli.get_test_results", "macro_args": {"days_back": 90, "invocations_per_test": 720, "disable_passed_test_metrics": false}} --project-dir /home/tosin/cde/dbt_modelling/cdc_modelling/.venv/lib/python3.11/site-packages/elementary/monitor/dbt_project --profiles-dir /home/tosin/cde/dbt_modelling/cdc_modelling/cdc_marketing
[31;20m2026-09-23 20:59:34 — ERROR — Could not generate the report - Error: Failed to run dbt command.
{"info": {"name": "RunningOperationCaughtError", "code": "Q001", "msg": "[\u001b[31mERROR\u001b[0m]: Encountered an error while running operation: Database Error\n  Database Error\n    [TABLE_OR_VIEW_NOT_FOUND] The table or view `bronze_production`.`cdc_staging_elementary`.`elementary_test_results` cannot be found. Verify the spelling and correctness of the schema and catalog.\n    Search path: [`system`.`session`, `system`.`builtin`, `system`.`ai`, `bronze_production`.`cdc_staging_elementary`].\n    If you did not qualify the name with a schema, verify the current_schema() output, or qualify the name with the correct schema and catalog.\n    To tolerate the error on drop use DROP VIEW IF EXISTS or DROP TABLE IF EXISTS. SQLSTATE: 42P01; line 17 pos 22", "level": "error", "invocationId": "638fc167-f19d-4ea8-9f26-bb90d21eff72", "pid": 16424, "thread": "MainThread", "ts": "2026-09-23T19:59:33.162224Z"}, "data": {"exc": "Database Error\n  Database Error\n    [TABLE_OR_VIEW_NOT_FOUND] The table or view `bronze_production`.`cdc_staging_elementary`.`elementary_test_results` cannot be found. Verify the spelling and correctness of the schema and catalog.\n    Search path: [`system`.`session`, `system`.`builtin`, `system`.`ai`, `bronze_production`.`cdc_staging_elementary`].\n    If you did not qualify the name with a schema, verify the current_schema() output, or qualify the name with the correct schema and catalog.\n    To tolerate the error on drop use DROP VIEW IF EXISTS or DROP TABLE IF EXISTS. SQLSTATE: 42P01; line 17 pos 22"}}
Please reach out to our community for help with this issue.[0m
Traceback (most recent call last):
  File "/home/tosin/cde/dbt_modelling/cdc_modelling/.venv/lib/python3.11/site-packages/elementary/monitor/api/report/report.py", line 84, in get_report_data
    tests_api = TestsAPI(
                ^^^^^^^^^
  File "/home/tosin/cde/dbt_modelling/cdc_modelling/.venv/lib/python3.11/site-packages/elementary/monitor/api/tests/tests.py", line 52, in __init__
    self.test_results_db_rows = self._get_test_results_db_rows(
                                ^^^^^^^^^^^^^^^^^^^^^^^^^^^^^^^
  File "/home/tosin/cde/dbt_modelling/cdc_modelling/.venv/lib/python3.11/site-packages/elementary/monitor/api/tests/tests.py", line 64, in _get_test_results_db_rows
    return self.tests_fetcher.get_all_test_results_db_rows(
           ^^^^^^^^^^^^^^^^^^^^^^^^^^^^^^^^^^^^^^^^^^^^^^^^
  File "/home/tosin/cde/dbt_modelling/cdc_modelling/.venv/lib/python3.11/site-packages/elementary/monitor/fetchers/tests/tests.py", line 26, in get_all_test_results_db_rows
    run_operation_response = self.dbt_runner.run_operation(
                             ^^^^^^^^^^^^^^^^^^^^^^^^^^^^^^
  File "/home/tosin/cde/dbt_modelling/cdc_modelling/.venv/lib/python3.11/site-packages/elementary/clients/dbt/command_line_dbt_runner.py", line 178, in run_operation
    result = self._run_command(
             ^^^^^^^^^^^^^^^^^^
  File "/home/tosin/cde/dbt_modelling/cdc_modelling/.venv/lib/python3.11/site-packages/elementary/clients/dbt/command_line_dbt_runner.py", line 115, in _run_command
    result = self._inner_run_command(
             ^^^^^^^^^^^^^^^^^^^^^^^^
  File "/home/tosin/cde/dbt_modelling/cdc_modelling/.venv/lib/python3.11/site-packages/elementary/clients/dbt/api_dbt_runner.py", line 54, in _inner_run_command
    raise DbtCommandError(
elementary.exceptions.exceptions.DbtCommandError: Failed to run dbt command.
{"info": {"name": "RunningOperationCaughtError", "code": "Q001", "msg": "[\u001b[31mERROR\u001b[0m]: Encountered an error while running operation: Database Error\n  Database Error\n    [TABLE_OR_VIEW_NOT_FOUND] The table or view `bronze_production`.`cdc_staging_elementary`.`elementary_test_results` cannot be found. Verify the spelling and correctness of the schema and catalog.\n    Search path: [`system`.`session`, `system`.`builtin`, `system`.`ai`, `bronze_production`.`cdc_staging_elementary`].\n    If you did not qualify the name with a schema, verify the current_schema() output, or qualify the name with the correct schema and catalog.\n    To tolerate the error on drop use DROP VIEW IF EXISTS or DROP TABLE IF EXISTS. SQLSTATE: 42P01; line 17 pos 22", "level": "error", "invocationId": "638fc167-f19d-4ea8-9f26-bb90d21eff72", "pid": 16424, "thread": "MainThread", "ts": "2026-09-23T19:59:33.162224Z"}, "data": {"exc": "Database Error\n  Database Error\n    [TABLE_OR_VIEW_NOT_FOUND] The table or view `bronze_production`.`cdc_staging_elementary`.`elementary_test_results` cannot be found. Verify the spelling and correctness of the schema and catalog.\n    Search path: [`system`.`session`, `system`.`builtin`, `system`.`ai`, `bronze_production`.`cdc_staging_elementary`].\n    If you did not qualify the name with a schema, verify the current_schema() output, or qualify the name with the correct schema and catalog.\n    To tolerate the error on drop use DROP VIEW IF EXISTS or DROP TABLE IF EXISTS. SQLSTATE: 42P01; line 17 pos 22"}}
2026-09-23 21:31:16 — INFO — Running with edr=0.22.0
2026-09-23 21:31:22 — DEBUG — Running dbt command --log-format json run-operation elementary.log_macro_results --args {"macro_name": "elementary_cli.get_latest_invocation", "macro_args": {}} --project-dir /home/tosin/cde/dbt_modelling/cdc_modelling/.venv/lib/python3.11/site-packages/elementary/monitor/dbt_project --profiles-dir /home/tosin/cde/dbt_modelling/cdc_modelling/cdc_marketing
2026-09-23 21:31:41 — DEBUG — Result bytes size for command '['--log-format', 'json', 'run-operation', 'elementary.log_macro_results', '--args', '{"macro_name": "elementary_cli.get_latest_invocation", "macro_args": {}}', '--project-dir', '/home/tosin/cde/dbt_modelling/cdc_modelling/.venv/lib/python3.11/site-packages/elementary/monitor/dbt_project', '--profiles-dir', '/home/tosin/cde/dbt_modelling/cdc_modelling/cdc_marketing']' is 270
[31;20m2026-09-23 21:31:41 — ERROR — Unable to get the latest invocation: list index out of range[0m
2026-09-23 21:31:41 — DEBUG — Running dbt command --log-format json run-operation elementary.log_macro_results --args {"macro_name": "elementary_cli.get_adapter_type_and_unique_id", "macro_args": {}} --project-dir /home/tosin/cde/dbt_modelling/cdc_modelling/.venv/lib/python3.11/site-packages/elementary/monitor/dbt_project --profiles-dir /home/tosin/cde/dbt_modelling/cdc_modelling/cdc_marketing
2026-09-23 21:31:44 — DEBUG — Result bytes size for command '['--log-format', 'json', 'run-operation', 'elementary.log_macro_results', '--args', '{"macro_name": "elementary_cli.get_adapter_type_and_unique_id", "macro_args": {}}', '--project-dir', '/home/tosin/cde/dbt_modelling/cdc_modelling/.venv/lib/python3.11/site-packages/elementary/monitor/dbt_project', '--profiles-dir', '/home/tosin/cde/dbt_modelling/cdc_modelling/cdc_marketing']' is 518
2026-09-23 21:31:44 — DEBUG — Running dbt command --log-format json run-operation elementary.log_macro_results --args {"macro_name": "elementary_cli.get_elementary_database_and_schema", "macro_args": {}} --project-dir /home/tosin/cde/dbt_modelling/cdc_modelling/.venv/lib/python3.11/site-packages/elementary/monitor/dbt_project --profiles-dir /home/tosin/cde/dbt_modelling/cdc_modelling/cdc_marketing
2026-09-23 21:31:46 — DEBUG — Result bytes size for command '['--log-format', 'json', 'run-operation', 'elementary.log_macro_results', '--args', '{"macro_name": "elementary_cli.get_elementary_database_and_schema", "macro_args": {}}', '--project-dir', '/home/tosin/cde/dbt_modelling/cdc_modelling/.venv/lib/python3.11/site-packages/elementary/monitor/dbt_project', '--profiles-dir', '/home/tosin/cde/dbt_modelling/cdc_modelling/cdc_marketing']' is 486
2026-09-23 21:31:46 — INFO — Elementary's database and schema: 'bronze_production.cdc_staging_elementary'
2026-09-23 21:31:46 — INFO — Running dbt command --log-format json run-operation elementary.log_macro_results --args {"macro_name": "elementary_cli.get_test_results", "macro_args": {"days_back": 90, "invocations_per_test": 720, "disable_passed_test_metrics": false}} --project-dir /home/tosin/cde/dbt_modelling/cdc_modelling/.venv/lib/python3.11/site-packages/elementary/monitor/dbt_project --profiles-dir /home/tosin/cde/dbt_modelling/cdc_modelling/cdc_marketing
[31;20m2026-09-23 21:31:54 — ERROR — Could not generate the report - Error: Failed to run dbt command.
{"info": {"name": "RunningOperationCaughtError", "code": "Q001", "msg": "[\u001b[31mERROR\u001b[0m]: Encountered an error while running operation: Database Error\n  Database Error\n    [TABLE_OR_VIEW_NOT_FOUND] The table or view `bronze_production`.`cdc_staging_elementary`.`elementary_test_results` cannot be found. Verify the spelling and correctness of the schema and catalog.\n    Search path: [`system`.`session`, `system`.`builtin`, `system`.`ai`, `bronze_production`.`cdc_staging_elementary`].\n    If you did not qualify the name with a schema, verify the current_schema() output, or qualify the name with the correct schema and catalog.\n    To tolerate the error on drop use DROP VIEW IF EXISTS or DROP TABLE IF EXISTS. SQLSTATE: 42P01; line 17 pos 22", "level": "error", "invocationId": "388e2e83-a659-442b-9486-84e8cb242eac", "pid": 21708, "thread": "MainThread", "ts": "2026-09-23T20:31:53.152287Z"}, "data": {"exc": "Database Error\n  Database Error\n    [TABLE_OR_VIEW_NOT_FOUND] The table or view `bronze_production`.`cdc_staging_elementary`.`elementary_test_results` cannot be found. Verify the spelling and correctness of the schema and catalog.\n    Search path: [`system`.`session`, `system`.`builtin`, `system`.`ai`, `bronze_production`.`cdc_staging_elementary`].\n    If you did not qualify the name with a schema, verify the current_schema() output, or qualify the name with the correct schema and catalog.\n    To tolerate the error on drop use DROP VIEW IF EXISTS or DROP TABLE IF EXISTS. SQLSTATE: 42P01; line 17 pos 22"}}
Please reach out to our community for help with this issue.[0m
Traceback (most recent call last):
  File "/home/tosin/cde/dbt_modelling/cdc_modelling/.venv/lib/python3.11/site-packages/elementary/monitor/api/report/report.py", line 84, in get_report_data
    tests_api = TestsAPI(
                ^^^^^^^^^
  File "/home/tosin/cde/dbt_modelling/cdc_modelling/.venv/lib/python3.11/site-packages/elementary/monitor/api/tests/tests.py", line 52, in __init__
    self.test_results_db_rows = self._get_test_results_db_rows(
                                ^^^^^^^^^^^^^^^^^^^^^^^^^^^^^^^
  File "/home/tosin/cde/dbt_modelling/cdc_modelling/.venv/lib/python3.11/site-packages/elementary/monitor/api/tests/tests.py", line 64, in _get_test_results_db_rows
    return self.tests_fetcher.get_all_test_results_db_rows(
           ^^^^^^^^^^^^^^^^^^^^^^^^^^^^^^^^^^^^^^^^^^^^^^^^
  File "/home/tosin/cde/dbt_modelling/cdc_modelling/.venv/lib/python3.11/site-packages/elementary/monitor/fetchers/tests/tests.py", line 26, in get_all_test_results_db_rows
    run_operation_response = self.dbt_runner.run_operation(
                             ^^^^^^^^^^^^^^^^^^^^^^^^^^^^^^
  File "/home/tosin/cde/dbt_modelling/cdc_modelling/.venv/lib/python3.11/site-packages/elementary/clients/dbt/command_line_dbt_runner.py", line 178, in run_operation
    result = self._run_command(
             ^^^^^^^^^^^^^^^^^^
  File "/home/tosin/cde/dbt_modelling/cdc_modelling/.venv/lib/python3.11/site-packages/elementary/clients/dbt/command_line_dbt_runner.py", line 115, in _run_command
    result = self._inner_run_command(
             ^^^^^^^^^^^^^^^^^^^^^^^^
  File "/home/tosin/cde/dbt_modelling/cdc_modelling/.venv/lib/python3.11/site-packages/elementary/clients/dbt/api_dbt_runner.py", line 54, in _inner_run_command
    raise DbtCommandError(
elementary.exceptions.exceptions.DbtCommandError: Failed to run dbt command.
{"info": {"name": "RunningOperationCaughtError", "code": "Q001", "msg": "[\u001b[31mERROR\u001b[0m]: Encountered an error while running operation: Database Error\n  Database Error\n    [TABLE_OR_VIEW_NOT_FOUND] The table or view `bronze_production`.`cdc_staging_elementary`.`elementary_test_results` cannot be found. Verify the spelling and correctness of the schema and catalog.\n    Search path: [`system`.`session`, `system`.`builtin`, `system`.`ai`, `bronze_production`.`cdc_staging_elementary`].\n    If you did not qualify the name with a schema, verify the current_schema() output, or qualify the name with the correct schema and catalog.\n    To tolerate the error on drop use DROP VIEW IF EXISTS or DROP TABLE IF EXISTS. SQLSTATE: 42P01; line 17 pos 22", "level": "error", "invocationId": "388e2e83-a659-442b-9486-84e8cb242eac", "pid": 21708, "thread": "MainThread", "ts": "2026-09-23T20:31:53.152287Z"}, "data": {"exc": "Database Error\n  Database Error\n    [TABLE_OR_VIEW_NOT_FOUND] The table or view `bronze_production`.`cdc_staging_elementary`.`elementary_test_results` cannot be found. Verify the spelling and correctness of the schema and catalog.\n    Search path: [`system`.`session`, `system`.`builtin`, `system`.`ai`, `bronze_production`.`cdc_staging_elementary`].\n    If you did not qualify the name with a schema, verify the current_schema() output, or qualify the name with the correct schema and catalog.\n    To tolerate the error on drop use DROP VIEW IF EXISTS or DROP TABLE IF EXISTS. SQLSTATE: 42P01; line 17 pos 22"}}
2026-09-23 21:38:33 — INFO — Running with edr=0.22.0
2026-09-23 21:38:41 — DEBUG — Running dbt command --log-format json run-operation elementary.log_macro_results --args {"macro_name": "elementary_cli.get_latest_invocation", "macro_args": {}} --project-dir /home/tosin/cde/dbt_modelling/cdc_modelling/.venv/lib/python3.11/site-packages/elementary/monitor/dbt_project --profiles-dir /home/tosin/cde/dbt_modelling/cdc_modelling/cdc_marketing
2026-09-23 21:39:48 — DEBUG — Result bytes size for command '['--log-format', 'json', 'run-operation', 'elementary.log_macro_results', '--args', '{"macro_name": "elementary_cli.get_latest_invocation", "macro_args": {}}', '--project-dir', '/home/tosin/cde/dbt_modelling/cdc_modelling/.venv/lib/python3.11/site-packages/elementary/monitor/dbt_project', '--profiles-dir', '/home/tosin/cde/dbt_modelling/cdc_modelling/cdc_marketing']' is 2594
2026-09-23 21:39:48 — DEBUG — Running dbt command --log-format json run-operation elementary.log_macro_results --args {"macro_name": "elementary_cli.get_adapter_type_and_unique_id", "macro_args": {}} --project-dir /home/tosin/cde/dbt_modelling/cdc_modelling/.venv/lib/python3.11/site-packages/elementary/monitor/dbt_project --profiles-dir /home/tosin/cde/dbt_modelling/cdc_modelling/cdc_marketing
2026-09-23 21:39:51 — DEBUG — Result bytes size for command '['--log-format', 'json', 'run-operation', 'elementary.log_macro_results', '--args', '{"macro_name": "elementary_cli.get_adapter_type_and_unique_id", "macro_args": {}}', '--project-dir', '/home/tosin/cde/dbt_modelling/cdc_modelling/.venv/lib/python3.11/site-packages/elementary/monitor/dbt_project', '--profiles-dir', '/home/tosin/cde/dbt_modelling/cdc_modelling/cdc_marketing']' is 518
[33;20m2026-09-23 21:39:51 — WARNING — You are using incompatible versions between edr (0.22.0) and Elementary's dbt package (0.26.0).
 To fix please run:
pip install --upgrade elementary-data
[0m
2026-09-23 21:39:51 — DEBUG — Running dbt command --log-format json run-operation elementary.log_macro_results --args {"macro_name": "elementary_cli.get_elementary_database_and_schema", "macro_args": {}} --project-dir /home/tosin/cde/dbt_modelling/cdc_modelling/.venv/lib/python3.11/site-packages/elementary/monitor/dbt_project --profiles-dir /home/tosin/cde/dbt_modelling/cdc_modelling/cdc_marketing
2026-09-23 21:39:54 — DEBUG — Result bytes size for command '['--log-format', 'json', 'run-operation', 'elementary.log_macro_results', '--args', '{"macro_name": "elementary_cli.get_elementary_database_and_schema", "macro_args": {}}', '--project-dir', '/home/tosin/cde/dbt_modelling/cdc_modelling/.venv/lib/python3.11/site-packages/elementary/monitor/dbt_project', '--profiles-dir', '/home/tosin/cde/dbt_modelling/cdc_modelling/cdc_marketing']' is 464
2026-09-23 21:39:54 — INFO — Elementary's database and schema: 'bronze_production.cdc_staging'
2026-09-23 21:39:54 — INFO — Running dbt command --log-format json run-operation elementary.log_macro_results --args {"macro_name": "elementary_cli.get_test_results", "macro_args": {"days_back": 90, "invocations_per_test": 720, "disable_passed_test_metrics": false}} --project-dir /home/tosin/cde/dbt_modelling/cdc_modelling/.venv/lib/python3.11/site-packages/elementary/monitor/dbt_project --profiles-dir /home/tosin/cde/dbt_modelling/cdc_modelling/cdc_marketing
2026-09-23 21:40:06 — DEBUG — Result bytes size for command '['--log-format', 'json', 'run-operation', 'elementary.log_macro_results', '--args', '{"macro_name": "elementary_cli.get_test_results", "macro_args": {"days_back": 90, "invocations_per_test": 720, "disable_passed_test_metrics": false}}', '--project-dir', '/home/tosin/cde/dbt_modelling/cdc_modelling/.venv/lib/python3.11/site-packages/elementary/monitor/dbt_project', '--profiles-dir', '/home/tosin/cde/dbt_modelling/cdc_modelling/cdc_marketing']' is 402
2026-09-23 21:40:06 — INFO — Running dbt command --log-format json run-operation elementary.log_macro_results --args {"macro_name": "elementary_cli.get_source_freshness_results", "macro_args": {"days_back": 90, "invocations_per_test": 720}} --project-dir /home/tosin/cde/dbt_modelling/cdc_modelling/.venv/lib/python3.11/site-packages/elementary/monitor/dbt_project --profiles-dir /home/tosin/cde/dbt_modelling/cdc_modelling/cdc_marketing
2026-09-23 21:40:13 — DEBUG — Result bytes size for command '['--log-format', 'json', 'run-operation', 'elementary.log_macro_results', '--args', '{"macro_name": "elementary_cli.get_source_freshness_results", "macro_args": {"days_back": 90, "invocations_per_test": 720}}', '--project-dir', '/home/tosin/cde/dbt_modelling/cdc_modelling/.venv/lib/python3.11/site-packages/elementary/monitor/dbt_project', '--profiles-dir', '/home/tosin/cde/dbt_modelling/cdc_modelling/cdc_marketing']' is 402
2026-09-23 21:40:13 — INFO — Running dbt command --log-format json run-operation elementary.log_macro_results --args {"macro_name": "elementary_cli.get_seeds", "macro_args": {}} --project-dir /home/tosin/cde/dbt_modelling/cdc_modelling/.venv/lib/python3.11/site-packages/elementary/monitor/dbt_project --profiles-dir /home/tosin/cde/dbt_modelling/cdc_modelling/cdc_marketing
2026-09-23 21:40:20 — DEBUG — Result bytes size for command '['--log-format', 'json', 'run-operation', 'elementary.log_macro_results', '--args', '{"macro_name": "elementary_cli.get_seeds", "macro_args": {}}', '--project-dir', '/home/tosin/cde/dbt_modelling/cdc_modelling/.venv/lib/python3.11/site-packages/elementary/monitor/dbt_project', '--profiles-dir', '/home/tosin/cde/dbt_modelling/cdc_modelling/cdc_marketing']' is 402
2026-09-23 21:40:20 — INFO — Running dbt command --log-format json run-operation elementary.log_macro_results --args {"macro_name": "elementary_cli.get_snapshots", "macro_args": {}} --project-dir /home/tosin/cde/dbt_modelling/cdc_modelling/.venv/lib/python3.11/site-packages/elementary/monitor/dbt_project --profiles-dir /home/tosin/cde/dbt_modelling/cdc_modelling/cdc_marketing
2026-09-23 21:40:25 — DEBUG — Result bytes size for command '['--log-format', 'json', 'run-operation', 'elementary.log_macro_results', '--args', '{"macro_name": "elementary_cli.get_snapshots", "macro_args": {}}', '--project-dir', '/home/tosin/cde/dbt_modelling/cdc_modelling/.venv/lib/python3.11/site-packages/elementary/monitor/dbt_project', '--profiles-dir', '/home/tosin/cde/dbt_modelling/cdc_modelling/cdc_marketing']' is 402
2026-09-23 21:40:25 — INFO — Running dbt command --log-format json run-operation elementary.log_macro_results --args {"macro_name": "elementary_cli.get_models", "macro_args": {"exclude_elementary": true}} --project-dir /home/tosin/cde/dbt_modelling/cdc_modelling/.venv/lib/python3.11/site-packages/elementary/monitor/dbt_project --profiles-dir /home/tosin/cde/dbt_modelling/cdc_modelling/cdc_marketing
2026-09-23 21:40:33 — DEBUG — Result bytes size for command '['--log-format', 'json', 'run-operation', 'elementary.log_macro_results', '--args', '{"macro_name": "elementary_cli.get_models", "macro_args": {"exclude_elementary": true}}', '--project-dir', '/home/tosin/cde/dbt_modelling/cdc_modelling/.venv/lib/python3.11/site-packages/elementary/monitor/dbt_project', '--profiles-dir', '/home/tosin/cde/dbt_modelling/cdc_modelling/cdc_marketing']' is 402
2026-09-23 21:40:33 — INFO — Running dbt command --log-format json run-operation elementary.log_macro_results --args {"macro_name": "elementary_cli.get_sources", "macro_args": {}} --project-dir /home/tosin/cde/dbt_modelling/cdc_modelling/.venv/lib/python3.11/site-packages/elementary/monitor/dbt_project --profiles-dir /home/tosin/cde/dbt_modelling/cdc_modelling/cdc_marketing
2026-09-23 21:40:39 — DEBUG — Result bytes size for command '['--log-format', 'json', 'run-operation', 'elementary.log_macro_results', '--args', '{"macro_name": "elementary_cli.get_sources", "macro_args": {}}', '--project-dir', '/home/tosin/cde/dbt_modelling/cdc_modelling/.venv/lib/python3.11/site-packages/elementary/monitor/dbt_project', '--profiles-dir', '/home/tosin/cde/dbt_modelling/cdc_modelling/cdc_marketing']' is 402
2026-09-23 21:40:39 — INFO — Running dbt command --log-format json run-operation elementary.log_macro_results --args {"macro_name": "elementary_cli.get_exposures", "macro_args": {}} --project-dir /home/tosin/cde/dbt_modelling/cdc_modelling/.venv/lib/python3.11/site-packages/elementary/monitor/dbt_project --profiles-dir /home/tosin/cde/dbt_modelling/cdc_modelling/cdc_marketing
2026-09-23 21:40:47 — DEBUG — Result bytes size for command '['--log-format', 'json', 'run-operation', 'elementary.log_macro_results', '--args', '{"macro_name": "elementary_cli.get_exposures", "macro_args": {}}', '--project-dir', '/home/tosin/cde/dbt_modelling/cdc_modelling/.venv/lib/python3.11/site-packages/elementary/monitor/dbt_project', '--profiles-dir', '/home/tosin/cde/dbt_modelling/cdc_modelling/cdc_marketing']' is 402
2026-09-23 21:40:47 — INFO — Running dbt command --log-format json run-operation elementary.log_macro_results --args {"macro_name": "elementary_cli.get_singular_tests", "macro_args": {}} --project-dir /home/tosin/cde/dbt_modelling/cdc_modelling/.venv/lib/python3.11/site-packages/elementary/monitor/dbt_project --profiles-dir /home/tosin/cde/dbt_modelling/cdc_modelling/cdc_marketing
2026-09-23 21:40:51 — DEBUG — Result bytes size for command '['--log-format', 'json', 'run-operation', 'elementary.log_macro_results', '--args', '{"macro_name": "elementary_cli.get_singular_tests", "macro_args": {}}', '--project-dir', '/home/tosin/cde/dbt_modelling/cdc_modelling/.venv/lib/python3.11/site-packages/elementary/monitor/dbt_project', '--profiles-dir', '/home/tosin/cde/dbt_modelling/cdc_modelling/cdc_marketing']' is 402
2026-09-23 21:40:51 — INFO — Running dbt command --log-format json run-operation elementary.log_macro_results --args {"macro_name": "elementary_cli.get_models_runs", "macro_args": {"days_back": 90, "exclude_elementary": true}} --project-dir /home/tosin/cde/dbt_modelling/cdc_modelling/.venv/lib/python3.11/site-packages/elementary/monitor/dbt_project --profiles-dir /home/tosin/cde/dbt_modelling/cdc_modelling/cdc_marketing
2026-09-23 21:40:59 — DEBUG — Result bytes size for command '['--log-format', 'json', 'run-operation', 'elementary.log_macro_results', '--args', '{"macro_name": "elementary_cli.get_models_runs", "macro_args": {"days_back": 90, "exclude_elementary": true}}', '--project-dir', '/home/tosin/cde/dbt_modelling/cdc_modelling/.venv/lib/python3.11/site-packages/elementary/monitor/dbt_project', '--profiles-dir', '/home/tosin/cde/dbt_modelling/cdc_modelling/cdc_marketing']' is 402
2026-09-23 21:40:59 — INFO — Running dbt command --log-format json run-operation elementary.log_macro_results --args {"macro_name": "elementary_cli.get_dbt_models_test_coverage", "macro_args": {}} --project-dir /home/tosin/cde/dbt_modelling/cdc_modelling/.venv/lib/python3.11/site-packages/elementary/monitor/dbt_project --profiles-dir /home/tosin/cde/dbt_modelling/cdc_modelling/cdc_marketing
2026-09-23 21:41:09 — DEBUG — Result bytes size for command '['--log-format', 'json', 'run-operation', 'elementary.log_macro_results', '--args', '{"macro_name": "elementary_cli.get_dbt_models_test_coverage", "macro_args": {}}', '--project-dir', '/home/tosin/cde/dbt_modelling/cdc_modelling/.venv/lib/python3.11/site-packages/elementary/monitor/dbt_project', '--profiles-dir', '/home/tosin/cde/dbt_modelling/cdc_modelling/cdc_marketing']' is 402
2026-09-23 21:41:09 — INFO — Running dbt command --log-format json run-operation elementary.log_macro_results --args {"macro_name": "elementary_cli.get_tests", "macro_args": {}} --project-dir /home/tosin/cde/dbt_modelling/cdc_modelling/.venv/lib/python3.11/site-packages/elementary/monitor/dbt_project --profiles-dir /home/tosin/cde/dbt_modelling/cdc_modelling/cdc_marketing
2026-09-23 21:41:15 — DEBUG — Result bytes size for command '['--log-format', 'json', 'run-operation', 'elementary.log_macro_results', '--args', '{"macro_name": "elementary_cli.get_tests", "macro_args": {}}', '--project-dir', '/home/tosin/cde/dbt_modelling/cdc_modelling/.venv/lib/python3.11/site-packages/elementary/monitor/dbt_project', '--profiles-dir', '/home/tosin/cde/dbt_modelling/cdc_modelling/cdc_marketing']' is 402
2026-09-23 21:41:15 — INFO — Running dbt command --log-format json run-operation elementary.log_macro_results --args {"macro_name": "elementary_cli.get_nodes_depends_on_nodes", "macro_args": {"exclude_elementary": true}} --project-dir /home/tosin/cde/dbt_modelling/cdc_modelling/.venv/lib/python3.11/site-packages/elementary/monitor/dbt_project --profiles-dir /home/tosin/cde/dbt_modelling/cdc_modelling/cdc_marketing
2026-09-23 21:41:25 — DEBUG — Result bytes size for command '['--log-format', 'json', 'run-operation', 'elementary.log_macro_results', '--args', '{"macro_name": "elementary_cli.get_nodes_depends_on_nodes", "macro_args": {"exclude_elementary": true}}', '--project-dir', '/home/tosin/cde/dbt_modelling/cdc_modelling/.venv/lib/python3.11/site-packages/elementary/monitor/dbt_project', '--profiles-dir', '/home/tosin/cde/dbt_modelling/cdc_modelling/cdc_marketing']' is 402
2026-09-23 21:41:25 — INFO — Running dbt command --log-format json run-operation elementary.log_macro_results --args {"macro_name": "elementary_cli.get_models_latest_invocation", "macro_args": {}} --project-dir /home/tosin/cde/dbt_modelling/cdc_modelling/.venv/lib/python3.11/site-packages/elementary/monitor/dbt_project --profiles-dir /home/tosin/cde/dbt_modelling/cdc_modelling/cdc_marketing
2026-09-23 21:41:34 — DEBUG — Result bytes size for command '['--log-format', 'json', 'run-operation', 'elementary.log_macro_results', '--args', '{"macro_name": "elementary_cli.get_models_latest_invocation", "macro_args": {}}', '--project-dir', '/home/tosin/cde/dbt_modelling/cdc_modelling/.venv/lib/python3.11/site-packages/elementary/monitor/dbt_project', '--profiles-dir', '/home/tosin/cde/dbt_modelling/cdc_modelling/cdc_marketing']' is 7466
2026-09-23 21:41:34 — INFO — Running dbt command --log-format json run-operation elementary.log_macro_results --args {"macro_name": "elementary_cli.get_models_latest_invocations_data", "macro_args": {}} --project-dir /home/tosin/cde/dbt_modelling/cdc_modelling/.venv/lib/python3.11/site-packages/elementary/monitor/dbt_project --profiles-dir /home/tosin/cde/dbt_modelling/cdc_modelling/cdc_marketing
2026-09-23 21:41:43 — DEBUG — Result bytes size for command '['--log-format', 'json', 'run-operation', 'elementary.log_macro_results', '--args', '{"macro_name": "elementary_cli.get_models_latest_invocations_data", "macro_args": {}}', '--project-dir', '/home/tosin/cde/dbt_modelling/cdc_modelling/.venv/lib/python3.11/site-packages/elementary/monitor/dbt_project', '--profiles-dir', '/home/tosin/cde/dbt_modelling/cdc_modelling/cdc_marketing']' is 860
2026-09-23 21:59:45 — INFO — Running with edr=0.22.0
2026-09-23 21:59:47 — DEBUG — Running dbt command --log-format json run-operation elementary.log_macro_results --args {"macro_name": "elementary_cli.get_latest_invocation", "macro_args": {}} --project-dir /home/tosin/cde/dbt_modelling/cdc_modelling/.venv/lib/python3.11/site-packages/elementary/monitor/dbt_project --profiles-dir /home/tosin/cde/dbt_modelling/cdc_modelling/cdc_marketing
2026-09-23 22:00:02 — DEBUG — Result bytes size for command '['--log-format', 'json', 'run-operation', 'elementary.log_macro_results', '--args', '{"macro_name": "elementary_cli.get_latest_invocation", "macro_args": {}}', '--project-dir', '/home/tosin/cde/dbt_modelling/cdc_modelling/.venv/lib/python3.11/site-packages/elementary/monitor/dbt_project', '--profiles-dir', '/home/tosin/cde/dbt_modelling/cdc_modelling/cdc_marketing']' is 2558
2026-09-23 22:00:02 — DEBUG — Running dbt command --log-format json run-operation elementary.log_macro_results --args {"macro_name": "elementary_cli.get_adapter_type_and_unique_id", "macro_args": {}} --project-dir /home/tosin/cde/dbt_modelling/cdc_modelling/.venv/lib/python3.11/site-packages/elementary/monitor/dbt_project --profiles-dir /home/tosin/cde/dbt_modelling/cdc_modelling/cdc_marketing
2026-09-23 22:00:06 — DEBUG — Result bytes size for command '['--log-format', 'json', 'run-operation', 'elementary.log_macro_results', '--args', '{"macro_name": "elementary_cli.get_adapter_type_and_unique_id", "macro_args": {}}', '--project-dir', '/home/tosin/cde/dbt_modelling/cdc_modelling/.venv/lib/python3.11/site-packages/elementary/monitor/dbt_project', '--profiles-dir', '/home/tosin/cde/dbt_modelling/cdc_modelling/cdc_marketing']' is 518
[33;20m2026-09-23 22:00:06 — WARNING — You are using incompatible versions between edr (0.22.0) and Elementary's dbt package (0.26.0).
 To fix please run:
pip install --upgrade elementary-data
[0m
2026-09-23 22:00:06 — DEBUG — Running dbt command --log-format json run-operation elementary.log_macro_results --args {"macro_name": "elementary_cli.get_elementary_database_and_schema", "macro_args": {}} --project-dir /home/tosin/cde/dbt_modelling/cdc_modelling/.venv/lib/python3.11/site-packages/elementary/monitor/dbt_project --profiles-dir /home/tosin/cde/dbt_modelling/cdc_modelling/cdc_marketing
2026-09-23 22:00:08 — DEBUG — Result bytes size for command '['--log-format', 'json', 'run-operation', 'elementary.log_macro_results', '--args', '{"macro_name": "elementary_cli.get_elementary_database_and_schema", "macro_args": {}}', '--project-dir', '/home/tosin/cde/dbt_modelling/cdc_modelling/.venv/lib/python3.11/site-packages/elementary/monitor/dbt_project', '--profiles-dir', '/home/tosin/cde/dbt_modelling/cdc_modelling/cdc_marketing']' is 464
2026-09-23 22:00:08 — INFO — Elementary's database and schema: 'bronze_production.cdc_staging'
2026-09-23 22:00:08 — INFO — Running dbt command --log-format json run-operation elementary.log_macro_results --args {"macro_name": "elementary_cli.get_test_results", "macro_args": {"days_back": 90, "invocations_per_test": 720, "disable_passed_test_metrics": false}} --project-dir /home/tosin/cde/dbt_modelling/cdc_modelling/.venv/lib/python3.11/site-packages/elementary/monitor/dbt_project --profiles-dir /home/tosin/cde/dbt_modelling/cdc_modelling/cdc_marketing
2026-09-23 22:00:16 — DEBUG — Result bytes size for command '['--log-format', 'json', 'run-operation', 'elementary.log_macro_results', '--args', '{"macro_name": "elementary_cli.get_test_results", "macro_args": {"days_back": 90, "invocations_per_test": 720, "disable_passed_test_metrics": false}}', '--project-dir', '/home/tosin/cde/dbt_modelling/cdc_modelling/.venv/lib/python3.11/site-packages/elementary/monitor/dbt_project', '--profiles-dir', '/home/tosin/cde/dbt_modelling/cdc_modelling/cdc_marketing']' is 402
2026-09-23 22:00:16 — INFO — Running dbt command --log-format json run-operation elementary.log_macro_results --args {"macro_name": "elementary_cli.get_source_freshness_results", "macro_args": {"days_back": 90, "invocations_per_test": 720}} --project-dir /home/tosin/cde/dbt_modelling/cdc_modelling/.venv/lib/python3.11/site-packages/elementary/monitor/dbt_project --profiles-dir /home/tosin/cde/dbt_modelling/cdc_modelling/cdc_marketing
2026-09-23 22:00:22 — DEBUG — Result bytes size for command '['--log-format', 'json', 'run-operation', 'elementary.log_macro_results', '--args', '{"macro_name": "elementary_cli.get_source_freshness_results", "macro_args": {"days_back": 90, "invocations_per_test": 720}}', '--project-dir', '/home/tosin/cde/dbt_modelling/cdc_modelling/.venv/lib/python3.11/site-packages/elementary/monitor/dbt_project', '--profiles-dir', '/home/tosin/cde/dbt_modelling/cdc_modelling/cdc_marketing']' is 402
2026-09-23 22:00:22 — INFO — Running dbt command --log-format json run-operation elementary.log_macro_results --args {"macro_name": "elementary_cli.get_seeds", "macro_args": {}} --project-dir /home/tosin/cde/dbt_modelling/cdc_modelling/.venv/lib/python3.11/site-packages/elementary/monitor/dbt_project --profiles-dir /home/tosin/cde/dbt_modelling/cdc_modelling/cdc_marketing
2026-09-23 22:00:29 — DEBUG — Result bytes size for command '['--log-format', 'json', 'run-operation', 'elementary.log_macro_results', '--args', '{"macro_name": "elementary_cli.get_seeds", "macro_args": {}}', '--project-dir', '/home/tosin/cde/dbt_modelling/cdc_modelling/.venv/lib/python3.11/site-packages/elementary/monitor/dbt_project', '--profiles-dir', '/home/tosin/cde/dbt_modelling/cdc_modelling/cdc_marketing']' is 402
2026-09-23 22:00:29 — INFO — Running dbt command --log-format json run-operation elementary.log_macro_results --args {"macro_name": "elementary_cli.get_snapshots", "macro_args": {}} --project-dir /home/tosin/cde/dbt_modelling/cdc_modelling/.venv/lib/python3.11/site-packages/elementary/monitor/dbt_project --profiles-dir /home/tosin/cde/dbt_modelling/cdc_modelling/cdc_marketing
2026-09-23 22:00:34 — DEBUG — Result bytes size for command '['--log-format', 'json', 'run-operation', 'elementary.log_macro_results', '--args', '{"macro_name": "elementary_cli.get_snapshots", "macro_args": {}}', '--project-dir', '/home/tosin/cde/dbt_modelling/cdc_modelling/.venv/lib/python3.11/site-packages/elementary/monitor/dbt_project', '--profiles-dir', '/home/tosin/cde/dbt_modelling/cdc_modelling/cdc_marketing']' is 402
2026-09-23 22:00:34 — INFO — Running dbt command --log-format json run-operation elementary.log_macro_results --args {"macro_name": "elementary_cli.get_models", "macro_args": {"exclude_elementary": true}} --project-dir /home/tosin/cde/dbt_modelling/cdc_modelling/.venv/lib/python3.11/site-packages/elementary/monitor/dbt_project --profiles-dir /home/tosin/cde/dbt_modelling/cdc_modelling/cdc_marketing
2026-09-23 22:00:43 — DEBUG — Result bytes size for command '['--log-format', 'json', 'run-operation', 'elementary.log_macro_results', '--args', '{"macro_name": "elementary_cli.get_models", "macro_args": {"exclude_elementary": true}}', '--project-dir', '/home/tosin/cde/dbt_modelling/cdc_modelling/.venv/lib/python3.11/site-packages/elementary/monitor/dbt_project', '--profiles-dir', '/home/tosin/cde/dbt_modelling/cdc_modelling/cdc_marketing']' is 402
2026-09-23 22:00:43 — INFO — Running dbt command --log-format json run-operation elementary.log_macro_results --args {"macro_name": "elementary_cli.get_sources", "macro_args": {}} --project-dir /home/tosin/cde/dbt_modelling/cdc_modelling/.venv/lib/python3.11/site-packages/elementary/monitor/dbt_project --profiles-dir /home/tosin/cde/dbt_modelling/cdc_modelling/cdc_marketing
2026-09-23 22:00:49 — DEBUG — Result bytes size for command '['--log-format', 'json', 'run-operation', 'elementary.log_macro_results', '--args', '{"macro_name": "elementary_cli.get_sources", "macro_args": {}}', '--project-dir', '/home/tosin/cde/dbt_modelling/cdc_modelling/.venv/lib/python3.11/site-packages/elementary/monitor/dbt_project', '--profiles-dir', '/home/tosin/cde/dbt_modelling/cdc_modelling/cdc_marketing']' is 4332
2026-09-23 22:00:49 — INFO — Running dbt command --log-format json run-operation elementary.log_macro_results --args {"macro_name": "elementary_cli.get_exposures", "macro_args": {}} --project-dir /home/tosin/cde/dbt_modelling/cdc_modelling/.venv/lib/python3.11/site-packages/elementary/monitor/dbt_project --profiles-dir /home/tosin/cde/dbt_modelling/cdc_modelling/cdc_marketing
2026-09-23 22:00:56 — DEBUG — Result bytes size for command '['--log-format', 'json', 'run-operation', 'elementary.log_macro_results', '--args', '{"macro_name": "elementary_cli.get_exposures", "macro_args": {}}', '--project-dir', '/home/tosin/cde/dbt_modelling/cdc_modelling/.venv/lib/python3.11/site-packages/elementary/monitor/dbt_project', '--profiles-dir', '/home/tosin/cde/dbt_modelling/cdc_modelling/cdc_marketing']' is 402
2026-09-23 22:00:56 — INFO — Running dbt command --log-format json run-operation elementary.log_macro_results --args {"macro_name": "elementary_cli.get_singular_tests", "macro_args": {}} --project-dir /home/tosin/cde/dbt_modelling/cdc_modelling/.venv/lib/python3.11/site-packages/elementary/monitor/dbt_project --profiles-dir /home/tosin/cde/dbt_modelling/cdc_modelling/cdc_marketing
2026-09-23 22:01:02 — DEBUG — Result bytes size for command '['--log-format', 'json', 'run-operation', 'elementary.log_macro_results', '--args', '{"macro_name": "elementary_cli.get_singular_tests", "macro_args": {}}', '--project-dir', '/home/tosin/cde/dbt_modelling/cdc_modelling/.venv/lib/python3.11/site-packages/elementary/monitor/dbt_project', '--profiles-dir', '/home/tosin/cde/dbt_modelling/cdc_modelling/cdc_marketing']' is 402
2026-09-23 22:01:02 — INFO — Running dbt command --log-format json run-operation elementary.log_macro_results --args {"macro_name": "elementary_cli.get_models_runs", "macro_args": {"days_back": 90, "exclude_elementary": true}} --project-dir /home/tosin/cde/dbt_modelling/cdc_modelling/.venv/lib/python3.11/site-packages/elementary/monitor/dbt_project --profiles-dir /home/tosin/cde/dbt_modelling/cdc_modelling/cdc_marketing
2026-09-23 22:01:08 — DEBUG — Result bytes size for command '['--log-format', 'json', 'run-operation', 'elementary.log_macro_results', '--args', '{"macro_name": "elementary_cli.get_models_runs", "macro_args": {"days_back": 90, "exclude_elementary": true}}', '--project-dir', '/home/tosin/cde/dbt_modelling/cdc_modelling/.venv/lib/python3.11/site-packages/elementary/monitor/dbt_project', '--profiles-dir', '/home/tosin/cde/dbt_modelling/cdc_modelling/cdc_marketing']' is 402
2026-09-23 22:01:08 — INFO — Running dbt command --log-format json run-operation elementary.log_macro_results --args {"macro_name": "elementary_cli.get_dbt_models_test_coverage", "macro_args": {}} --project-dir /home/tosin/cde/dbt_modelling/cdc_modelling/.venv/lib/python3.11/site-packages/elementary/monitor/dbt_project --profiles-dir /home/tosin/cde/dbt_modelling/cdc_modelling/cdc_marketing
2026-09-23 22:01:16 — DEBUG — Result bytes size for command '['--log-format', 'json', 'run-operation', 'elementary.log_macro_results', '--args', '{"macro_name": "elementary_cli.get_dbt_models_test_coverage", "macro_args": {}}', '--project-dir', '/home/tosin/cde/dbt_modelling/cdc_modelling/.venv/lib/python3.11/site-packages/elementary/monitor/dbt_project', '--profiles-dir', '/home/tosin/cde/dbt_modelling/cdc_modelling/cdc_marketing']' is 402
2026-09-23 22:01:16 — INFO — Running dbt command --log-format json run-operation elementary.log_macro_results --args {"macro_name": "elementary_cli.get_tests", "macro_args": {}} --project-dir /home/tosin/cde/dbt_modelling/cdc_modelling/.venv/lib/python3.11/site-packages/elementary/monitor/dbt_project --profiles-dir /home/tosin/cde/dbt_modelling/cdc_modelling/cdc_marketing
2026-09-23 22:01:23 — DEBUG — Result bytes size for command '['--log-format', 'json', 'run-operation', 'elementary.log_macro_results', '--args', '{"macro_name": "elementary_cli.get_tests", "macro_args": {}}', '--project-dir', '/home/tosin/cde/dbt_modelling/cdc_modelling/.venv/lib/python3.11/site-packages/elementary/monitor/dbt_project', '--profiles-dir', '/home/tosin/cde/dbt_modelling/cdc_modelling/cdc_marketing']' is 402
2026-09-23 22:01:23 — INFO — Running dbt command --log-format json run-operation elementary.log_macro_results --args {"macro_name": "elementary_cli.get_nodes_depends_on_nodes", "macro_args": {"exclude_elementary": true}} --project-dir /home/tosin/cde/dbt_modelling/cdc_modelling/.venv/lib/python3.11/site-packages/elementary/monitor/dbt_project --profiles-dir /home/tosin/cde/dbt_modelling/cdc_modelling/cdc_marketing
2026-09-23 22:01:29 — DEBUG — Result bytes size for command '['--log-format', 'json', 'run-operation', 'elementary.log_macro_results', '--args', '{"macro_name": "elementary_cli.get_nodes_depends_on_nodes", "macro_args": {"exclude_elementary": true}}', '--project-dir', '/home/tosin/cde/dbt_modelling/cdc_modelling/.venv/lib/python3.11/site-packages/elementary/monitor/dbt_project', '--profiles-dir', '/home/tosin/cde/dbt_modelling/cdc_modelling/cdc_marketing']' is 1494
2026-09-23 22:01:29 — INFO — Running dbt command --log-format json run-operation elementary.log_macro_results --args {"macro_name": "elementary_cli.get_models_latest_invocation", "macro_args": {}} --project-dir /home/tosin/cde/dbt_modelling/cdc_modelling/.venv/lib/python3.11/site-packages/elementary/monitor/dbt_project --profiles-dir /home/tosin/cde/dbt_modelling/cdc_modelling/cdc_marketing
2026-09-23 22:01:36 — DEBUG — Result bytes size for command '['--log-format', 'json', 'run-operation', 'elementary.log_macro_results', '--args', '{"macro_name": "elementary_cli.get_models_latest_invocation", "macro_args": {}}', '--project-dir', '/home/tosin/cde/dbt_modelling/cdc_modelling/.venv/lib/python3.11/site-packages/elementary/monitor/dbt_project', '--profiles-dir', '/home/tosin/cde/dbt_modelling/cdc_modelling/cdc_marketing']' is 7466
2026-09-23 22:01:36 — INFO — Running dbt command --log-format json run-operation elementary.log_macro_results --args {"macro_name": "elementary_cli.get_models_latest_invocations_data", "macro_args": {}} --project-dir /home/tosin/cde/dbt_modelling/cdc_modelling/.venv/lib/python3.11/site-packages/elementary/monitor/dbt_project --profiles-dir /home/tosin/cde/dbt_modelling/cdc_modelling/cdc_marketing
2026-09-23 22:01:43 — DEBUG — Result bytes size for command '['--log-format', 'json', 'run-operation', 'elementary.log_macro_results', '--args', '{"macro_name": "elementary_cli.get_models_latest_invocations_data", "macro_args": {}}', '--project-dir', '/home/tosin/cde/dbt_modelling/cdc_modelling/.venv/lib/python3.11/site-packages/elementary/monitor/dbt_project', '--profiles-dir', '/home/tosin/cde/dbt_modelling/cdc_modelling/cdc_marketing']' is 824
2026-09-23 22:11:51 — INFO — Running with edr=0.22.0
2026-09-23 22:11:58 — DEBUG — Running dbt command --log-format json run-operation elementary.log_macro_results --args {"macro_name": "elementary_cli.get_latest_invocation", "macro_args": {}} --project-dir /home/tosin/cde/dbt_modelling/cdc_modelling/.venv/lib/python3.11/site-packages/elementary/monitor/dbt_project --profiles-dir /home/tosin/cde/dbt_modelling/cdc_modelling/cdc_marketing
2026-09-23 22:12:30 — DEBUG — Result bytes size for command '['--log-format', 'json', 'run-operation', 'elementary.log_macro_results', '--args', '{"macro_name": "elementary_cli.get_latest_invocation", "macro_args": {}}', '--project-dir', '/home/tosin/cde/dbt_modelling/cdc_modelling/.venv/lib/python3.11/site-packages/elementary/monitor/dbt_project', '--profiles-dir', '/home/tosin/cde/dbt_modelling/cdc_modelling/cdc_marketing']' is 2570
2026-09-23 22:12:30 — DEBUG — Running dbt command --log-format json run-operation elementary.log_macro_results --args {"macro_name": "elementary_cli.get_adapter_type_and_unique_id", "macro_args": {}} --project-dir /home/tosin/cde/dbt_modelling/cdc_modelling/.venv/lib/python3.11/site-packages/elementary/monitor/dbt_project --profiles-dir /home/tosin/cde/dbt_modelling/cdc_modelling/cdc_marketing
2026-09-23 22:12:36 — DEBUG — Result bytes size for command '['--log-format', 'json', 'run-operation', 'elementary.log_macro_results', '--args', '{"macro_name": "elementary_cli.get_adapter_type_and_unique_id", "macro_args": {}}', '--project-dir', '/home/tosin/cde/dbt_modelling/cdc_modelling/.venv/lib/python3.11/site-packages/elementary/monitor/dbt_project', '--profiles-dir', '/home/tosin/cde/dbt_modelling/cdc_modelling/cdc_marketing']' is 518
[33;20m2026-09-23 22:12:36 — WARNING — You are using incompatible versions between edr (0.22.0) and Elementary's dbt package (0.26.0).
 To fix please run:
pip install --upgrade elementary-data
[0m
2026-09-23 22:12:36 — DEBUG — Running dbt command --log-format json run-operation elementary.log_macro_results --args {"macro_name": "elementary_cli.get_elementary_database_and_schema", "macro_args": {}} --project-dir /home/tosin/cde/dbt_modelling/cdc_modelling/.venv/lib/python3.11/site-packages/elementary/monitor/dbt_project --profiles-dir /home/tosin/cde/dbt_modelling/cdc_modelling/cdc_marketing
2026-09-23 22:12:40 — DEBUG — Result bytes size for command '['--log-format', 'json', 'run-operation', 'elementary.log_macro_results', '--args', '{"macro_name": "elementary_cli.get_elementary_database_and_schema", "macro_args": {}}', '--project-dir', '/home/tosin/cde/dbt_modelling/cdc_modelling/.venv/lib/python3.11/site-packages/elementary/monitor/dbt_project', '--profiles-dir', '/home/tosin/cde/dbt_modelling/cdc_modelling/cdc_marketing']' is 464
2026-09-23 22:12:40 — INFO — Elementary's database and schema: 'bronze_production.cdc_staging'
2026-09-23 22:12:40 — INFO — Running dbt command --log-format json run-operation elementary.log_macro_results --args {"macro_name": "elementary_cli.get_test_results", "macro_args": {"days_back": 90, "invocations_per_test": 720, "disable_passed_test_metrics": false}} --project-dir /home/tosin/cde/dbt_modelling/cdc_modelling/.venv/lib/python3.11/site-packages/elementary/monitor/dbt_project --profiles-dir /home/tosin/cde/dbt_modelling/cdc_modelling/cdc_marketing
2026-09-23 22:12:49 — DEBUG — Result bytes size for command '['--log-format', 'json', 'run-operation', 'elementary.log_macro_results', '--args', '{"macro_name": "elementary_cli.get_test_results", "macro_args": {"days_back": 90, "invocations_per_test": 720, "disable_passed_test_metrics": false}}', '--project-dir', '/home/tosin/cde/dbt_modelling/cdc_modelling/.venv/lib/python3.11/site-packages/elementary/monitor/dbt_project', '--profiles-dir', '/home/tosin/cde/dbt_modelling/cdc_modelling/cdc_marketing']' is 402
2026-09-23 22:12:49 — INFO — Running dbt command --log-format json run-operation elementary.log_macro_results --args {"macro_name": "elementary_cli.get_source_freshness_results", "macro_args": {"days_back": 90, "invocations_per_test": 720}} --project-dir /home/tosin/cde/dbt_modelling/cdc_modelling/.venv/lib/python3.11/site-packages/elementary/monitor/dbt_project --profiles-dir /home/tosin/cde/dbt_modelling/cdc_modelling/cdc_marketing
2026-09-23 22:12:57 — DEBUG — Result bytes size for command '['--log-format', 'json', 'run-operation', 'elementary.log_macro_results', '--args', '{"macro_name": "elementary_cli.get_source_freshness_results", "macro_args": {"days_back": 90, "invocations_per_test": 720}}', '--project-dir', '/home/tosin/cde/dbt_modelling/cdc_modelling/.venv/lib/python3.11/site-packages/elementary/monitor/dbt_project', '--profiles-dir', '/home/tosin/cde/dbt_modelling/cdc_modelling/cdc_marketing']' is 13200
2026-09-23 22:12:57 — INFO — Running dbt command --log-format json run-operation elementary.log_macro_results --args {"macro_name": "elementary_cli.get_seeds", "macro_args": {}} --project-dir /home/tosin/cde/dbt_modelling/cdc_modelling/.venv/lib/python3.11/site-packages/elementary/monitor/dbt_project --profiles-dir /home/tosin/cde/dbt_modelling/cdc_modelling/cdc_marketing
2026-09-23 22:13:01 — DEBUG — Result bytes size for command '['--log-format', 'json', 'run-operation', 'elementary.log_macro_results', '--args', '{"macro_name": "elementary_cli.get_seeds", "macro_args": {}}', '--project-dir', '/home/tosin/cde/dbt_modelling/cdc_modelling/.venv/lib/python3.11/site-packages/elementary/monitor/dbt_project', '--profiles-dir', '/home/tosin/cde/dbt_modelling/cdc_modelling/cdc_marketing']' is 402
2026-09-23 22:13:01 — INFO — Running dbt command --log-format json run-operation elementary.log_macro_results --args {"macro_name": "elementary_cli.get_snapshots", "macro_args": {}} --project-dir /home/tosin/cde/dbt_modelling/cdc_modelling/.venv/lib/python3.11/site-packages/elementary/monitor/dbt_project --profiles-dir /home/tosin/cde/dbt_modelling/cdc_modelling/cdc_marketing
2026-09-23 22:13:06 — DEBUG — Result bytes size for command '['--log-format', 'json', 'run-operation', 'elementary.log_macro_results', '--args', '{"macro_name": "elementary_cli.get_snapshots", "macro_args": {}}', '--project-dir', '/home/tosin/cde/dbt_modelling/cdc_modelling/.venv/lib/python3.11/site-packages/elementary/monitor/dbt_project', '--profiles-dir', '/home/tosin/cde/dbt_modelling/cdc_modelling/cdc_marketing']' is 402
2026-09-23 22:13:06 — INFO — Running dbt command --log-format json run-operation elementary.log_macro_results --args {"macro_name": "elementary_cli.get_models", "macro_args": {"exclude_elementary": true}} --project-dir /home/tosin/cde/dbt_modelling/cdc_modelling/.venv/lib/python3.11/site-packages/elementary/monitor/dbt_project --profiles-dir /home/tosin/cde/dbt_modelling/cdc_modelling/cdc_marketing
2026-09-23 22:13:19 — DEBUG — Result bytes size for command '['--log-format', 'json', 'run-operation', 'elementary.log_macro_results', '--args', '{"macro_name": "elementary_cli.get_models", "macro_args": {"exclude_elementary": true}}', '--project-dir', '/home/tosin/cde/dbt_modelling/cdc_modelling/.venv/lib/python3.11/site-packages/elementary/monitor/dbt_project', '--profiles-dir', '/home/tosin/cde/dbt_modelling/cdc_modelling/cdc_marketing']' is 402
2026-09-23 22:13:19 — INFO — Running dbt command --log-format json run-operation elementary.log_macro_results --args {"macro_name": "elementary_cli.get_sources", "macro_args": {}} --project-dir /home/tosin/cde/dbt_modelling/cdc_modelling/.venv/lib/python3.11/site-packages/elementary/monitor/dbt_project --profiles-dir /home/tosin/cde/dbt_modelling/cdc_modelling/cdc_marketing
2026-09-23 22:13:29 — DEBUG — Result bytes size for command '['--log-format', 'json', 'run-operation', 'elementary.log_macro_results', '--args', '{"macro_name": "elementary_cli.get_sources", "macro_args": {}}', '--project-dir', '/home/tosin/cde/dbt_modelling/cdc_modelling/.venv/lib/python3.11/site-packages/elementary/monitor/dbt_project', '--profiles-dir', '/home/tosin/cde/dbt_modelling/cdc_modelling/cdc_marketing']' is 4314
2026-09-23 22:13:29 — INFO — Running dbt command --log-format json run-operation elementary.log_macro_results --args {"macro_name": "elementary_cli.get_exposures", "macro_args": {}} --project-dir /home/tosin/cde/dbt_modelling/cdc_modelling/.venv/lib/python3.11/site-packages/elementary/monitor/dbt_project --profiles-dir /home/tosin/cde/dbt_modelling/cdc_modelling/cdc_marketing
2026-09-23 22:13:36 — DEBUG — Result bytes size for command '['--log-format', 'json', 'run-operation', 'elementary.log_macro_results', '--args', '{"macro_name": "elementary_cli.get_exposures", "macro_args": {}}', '--project-dir', '/home/tosin/cde/dbt_modelling/cdc_modelling/.venv/lib/python3.11/site-packages/elementary/monitor/dbt_project', '--profiles-dir', '/home/tosin/cde/dbt_modelling/cdc_modelling/cdc_marketing']' is 402
2026-09-23 22:13:36 — INFO — Running dbt command --log-format json run-operation elementary.log_macro_results --args {"macro_name": "elementary_cli.get_singular_tests", "macro_args": {}} --project-dir /home/tosin/cde/dbt_modelling/cdc_modelling/.venv/lib/python3.11/site-packages/elementary/monitor/dbt_project --profiles-dir /home/tosin/cde/dbt_modelling/cdc_modelling/cdc_marketing
2026-09-23 22:13:40 — DEBUG — Result bytes size for command '['--log-format', 'json', 'run-operation', 'elementary.log_macro_results', '--args', '{"macro_name": "elementary_cli.get_singular_tests", "macro_args": {}}', '--project-dir', '/home/tosin/cde/dbt_modelling/cdc_modelling/.venv/lib/python3.11/site-packages/elementary/monitor/dbt_project', '--profiles-dir', '/home/tosin/cde/dbt_modelling/cdc_modelling/cdc_marketing']' is 402
2026-09-23 22:13:40 — INFO — Running dbt command --log-format json run-operation elementary.log_macro_results --args {"macro_name": "elementary_cli.get_models_runs", "macro_args": {"days_back": 90, "exclude_elementary": true}} --project-dir /home/tosin/cde/dbt_modelling/cdc_modelling/.venv/lib/python3.11/site-packages/elementary/monitor/dbt_project --profiles-dir /home/tosin/cde/dbt_modelling/cdc_modelling/cdc_marketing
2026-09-23 22:13:47 — DEBUG — Result bytes size for command '['--log-format', 'json', 'run-operation', 'elementary.log_macro_results', '--args', '{"macro_name": "elementary_cli.get_models_runs", "macro_args": {"days_back": 90, "exclude_elementary": true}}', '--project-dir', '/home/tosin/cde/dbt_modelling/cdc_modelling/.venv/lib/python3.11/site-packages/elementary/monitor/dbt_project', '--profiles-dir', '/home/tosin/cde/dbt_modelling/cdc_modelling/cdc_marketing']' is 402
2026-09-23 22:13:47 — INFO — Running dbt command --log-format json run-operation elementary.log_macro_results --args {"macro_name": "elementary_cli.get_dbt_models_test_coverage", "macro_args": {}} --project-dir /home/tosin/cde/dbt_modelling/cdc_modelling/.venv/lib/python3.11/site-packages/elementary/monitor/dbt_project --profiles-dir /home/tosin/cde/dbt_modelling/cdc_modelling/cdc_marketing
2026-09-23 22:13:54 — DEBUG — Result bytes size for command '['--log-format', 'json', 'run-operation', 'elementary.log_macro_results', '--args', '{"macro_name": "elementary_cli.get_dbt_models_test_coverage", "macro_args": {}}', '--project-dir', '/home/tosin/cde/dbt_modelling/cdc_modelling/.venv/lib/python3.11/site-packages/elementary/monitor/dbt_project', '--profiles-dir', '/home/tosin/cde/dbt_modelling/cdc_modelling/cdc_marketing']' is 402
2026-09-23 22:13:54 — INFO — Running dbt command --log-format json run-operation elementary.log_macro_results --args {"macro_name": "elementary_cli.get_tests", "macro_args": {}} --project-dir /home/tosin/cde/dbt_modelling/cdc_modelling/.venv/lib/python3.11/site-packages/elementary/monitor/dbt_project --profiles-dir /home/tosin/cde/dbt_modelling/cdc_modelling/cdc_marketing
2026-09-23 22:14:01 — DEBUG — Result bytes size for command '['--log-format', 'json', 'run-operation', 'elementary.log_macro_results', '--args', '{"macro_name": "elementary_cli.get_tests", "macro_args": {}}', '--project-dir', '/home/tosin/cde/dbt_modelling/cdc_modelling/.venv/lib/python3.11/site-packages/elementary/monitor/dbt_project', '--profiles-dir', '/home/tosin/cde/dbt_modelling/cdc_modelling/cdc_marketing']' is 402
2026-09-23 22:14:01 — INFO — Running dbt command --log-format json run-operation elementary.log_macro_results --args {"macro_name": "elementary_cli.get_nodes_depends_on_nodes", "macro_args": {"exclude_elementary": true}} --project-dir /home/tosin/cde/dbt_modelling/cdc_modelling/.venv/lib/python3.11/site-packages/elementary/monitor/dbt_project --profiles-dir /home/tosin/cde/dbt_modelling/cdc_modelling/cdc_marketing
2026-09-23 22:14:09 — DEBUG — Result bytes size for command '['--log-format', 'json', 'run-operation', 'elementary.log_macro_results', '--args', '{"macro_name": "elementary_cli.get_nodes_depends_on_nodes", "macro_args": {"exclude_elementary": true}}', '--project-dir', '/home/tosin/cde/dbt_modelling/cdc_modelling/.venv/lib/python3.11/site-packages/elementary/monitor/dbt_project', '--profiles-dir', '/home/tosin/cde/dbt_modelling/cdc_modelling/cdc_marketing']' is 1488
2026-09-23 22:14:09 — INFO — Running dbt command --log-format json run-operation elementary.log_macro_results --args {"macro_name": "elementary_cli.get_models_latest_invocation", "macro_args": {}} --project-dir /home/tosin/cde/dbt_modelling/cdc_modelling/.venv/lib/python3.11/site-packages/elementary/monitor/dbt_project --profiles-dir /home/tosin/cde/dbt_modelling/cdc_modelling/cdc_marketing
2026-09-23 22:14:15 — DEBUG — Result bytes size for command '['--log-format', 'json', 'run-operation', 'elementary.log_macro_results', '--args', '{"macro_name": "elementary_cli.get_models_latest_invocation", "macro_args": {}}', '--project-dir', '/home/tosin/cde/dbt_modelling/cdc_modelling/.venv/lib/python3.11/site-packages/elementary/monitor/dbt_project', '--profiles-dir', '/home/tosin/cde/dbt_modelling/cdc_modelling/cdc_marketing']' is 7466
2026-09-23 22:14:15 — INFO — Running dbt command --log-format json run-operation elementary.log_macro_results --args {"macro_name": "elementary_cli.get_models_latest_invocations_data", "macro_args": {}} --project-dir /home/tosin/cde/dbt_modelling/cdc_modelling/.venv/lib/python3.11/site-packages/elementary/monitor/dbt_project --profiles-dir /home/tosin/cde/dbt_modelling/cdc_modelling/cdc_marketing
2026-09-23 22:14:24 — DEBUG — Result bytes size for command '['--log-format', 'json', 'run-operation', 'elementary.log_macro_results', '--args', '{"macro_name": "elementary_cli.get_models_latest_invocations_data", "macro_args": {}}', '--project-dir', '/home/tosin/cde/dbt_modelling/cdc_modelling/.venv/lib/python3.11/site-packages/elementary/monitor/dbt_project', '--profiles-dir', '/home/tosin/cde/dbt_modelling/cdc_modelling/cdc_marketing']' is 824
